Build started 29-Apr-26 22:13:18.
Logging verbosity is set to: Normal.
Build FAILED.
    0 Warning(s)
    0 Error(s)

Time Elapsed 00:00:04.31
